// Jest Snapshot v1, https://goo.gl/fbAQLP

exports[`httpRequest Перехватили Проверяем вызов когда fetch упал 1`] = `
Array [
  Array [
    "site.com/name=4",
    Object {
      "method": "get",
    },
  ],
]
`;

exports[`httpRequest Перехватили Проверяем вызов когда fetch упал 2`] = `
Array [
  Array [
    Object {
      "payload": Response {
        "_bodyInit": undefined,
        "_bodyText": "",
        "headers": Headers {
          "map": Object {
            "content-type": "application/json",
          },
        },
        "ok": false,
        "status": 500,
        "statusText": null,
        "type": "default",
        "url": "",
      },
      "type": "ACCOUNT_FAIL",
    },
  ],
]
`;

exports[`httpRequest Перехватили Проверяем вызов когда fetch успешен 1`] = `
Array [
  Array [
    "site.com/name=4",
    Object {
      "method": "get",
    },
  ],
]
`;
